// Jest Snapshot v1, https://goo.gl/fbAQLP

exports[`<FilterOptions /> renders 1`] = `ShallowWrapper {}`;
