// Jest Snapshot v1, https://goo.gl/fbAQLP

exports[`<Restaurant /> renders 1`] = `ShallowWrapper {}`;
