// Jest Snapshot v1, https://goo.gl/fbAQLP

exports[`<SearchSideBar /> renders 1`] = `ShallowWrapper {}`;
