// Jest Snapshot v1, https://goo.gl/fbAQLP

exports[`<RestaurantListView /> renders 1`] = `ShallowWrapper {}`;

exports[`<RestaurantListView /> renders list 1`] = `ShallowWrapper {}`;

exports[`<RestaurantListView /> renders loader 1`] = `ShallowWrapper {}`;
